2026-09-30 09:26:31 | [INFO   ] | Логгер успешно сконфигурирован
2026-09-30 09:26:31 | [INFO   ] | Приложение запущено
2026-09-30 09:56:45 | [INFO   ] | Логгер успешно сконфигурирован
2026-09-30 09:56:45 | [INFO   ] | Приложение запущено
2026-09-30 09:57:20 | [INFO   ] | Логгер успешно сконфигурирован
2026-09-30 09:57:20 | [INFO   ] | Приложение запущено
2026-09-30 09:59:44 | [INFO   ] | Логгер успешно сконфигурирован
2026-09-30 09:59:44 | [INFO   ] | Приложение запущено
2026-09-30 10:00:20 | [DEBUG  ] | Входные данные: login='lamaron'
2026-09-30 10:00:20 | [ERROR  ] | Валидация пароля не пройдена: Пароль должен содержать хотя бы одну заглавную букву кириллицы.
2026-09-30 10:00:20 | [INFO   ] | Результат False, сообщение: 'Пароль должен содержать хотя бы одну заглавную букву кириллицы.'
2026-09-30 10:00:46 | [DEBUG  ] | Входные данные: login='lamaron'
2026-09-30 10:00:46 | [ERROR  ] | Валидация пароля не пройдена: Пароль должен содержать хотя бы один спецсимвол.
2026-09-30 10:00:46 | [INFO   ] | Результат False, сообщение: 'Пароль должен содержать хотя бы один спецсимвол.'
2026-09-30 10:01:08 | [DEBUG  ] | Входные данные: login='lamaron'
2026-09-30 10:01:08 | [INFO   ] | Регистрация успешна: login='lamaron'
2026-09-30 10:01:08 | [INFO   ] | Результат True, сообщение: ''
2026-09-30 10:16:37 | [INFO   ] | Логгер успешно сконфигурирован
2026-09-30 10:16:37 | [INFO   ] | Приложение запущено
2026-09-30 10:17:02 | [DEBUG  ] | Входные данные: login='+7 953 780 9954'
2026-09-30 10:17:02 | [ERROR  ] | Валидация логина не пройдена: Некорректный формат телефона. Ожидается +x-xxx-xxx-xxxx.
2026-09-30 10:17:02 | [INFO   ] | Результат False, сообщение: 'Некорректный формат телефона. Ожидается +x-xxx-xxx-xxxx.'
2026-09-30 10:28:11 | [INFO   ] | Логгер успешно сконфигурирован
2026-09-30 10:28:11 | [INFO   ] | Приложение запущено
2026-09-30 10:28:31 | [DEBUG  ] | Входные данные: login='lamaron'
2026-09-30 10:28:31 | [ERROR  ] | Валидация логина не пройдена: Авторизация успешна!
2026-09-30 10:28:31 | [INFO   ] | Результат False, сообщение: 'Авторизация успешна!'
2026-09-30 10:28:52 | [INFO   ] | Логгер успешно сконфигурирован
2026-09-30 10:28:52 | [INFO   ] | Приложение запущено
2026-09-30 10:29:11 | [DEBUG  ] | Входные данные: login='admin'
2026-09-30 10:29:11 | [ERROR  ] | Валидация логина не пройдена: Такой логин запрещён (чёрный список).
2026-09-30 10:29:11 | [INFO   ] | Результат False, сообщение: 'Такой логин запрещён (чёрный список).'
2026-09-30 10:29:38 | [DEBUG  ] | Входные данные: login='Admin@mail.ru'
2026-09-30 10:29:38 | [ERROR  ] | Валидация логина не пройдена: Авторизация успешна!
2026-09-30 10:29:38 | [INFO   ] | Результат False, сообщение: 'Авторизация успешна!'
